../Core/Src/main.c:82:5:main	8	static
../Core/Src/main.c:145:6:SystemClock_Config	88	static
../Core/Src/main.c:188:13:MX_TIM1_Init	96	static
../Core/Src/main.c:259:13:MX_TIM2_Init	56	static
../Core/Src/main.c:305:13:MX_TIM3_Init	32	static
../Core/Src/main.c:346:13:MX_USART2_UART_Init	8	static
../Core/Src/main.c:377:13:MX_GPIO_Init	48	static
../Core/Src/main.c:406:6:HAL_TIM_PeriodElapsedCallback	32	static
../Core/Src/main.c:415:6:QEI_unwrap	16	static
../Core/Src/main.c:433:6:motor	24	static
../Core/Src/main.c:463:6:Error_Handler	4	static,ignoring_inline_asm
